op=ENTER,statement=BlockStmt,file=0,row=0,col=0,blockIndex=0,stmtIndex=0
op=ENTER,statement=NopStmt,file=11,row=11,col=11,blockIndex=0,stmtIndex=0
op=EXIT,statement=NopStmt,file=11,row=11,col=11,blockIndex=0,stmtIndex=0
op=ENTER,statement=BreakStmt,file=0,row=0,col=0,blockIndex=0,stmtIndex=1
op=EXIT,statement=BreakStmt,file=0,row=0,col=0,blockIndex=0,stmtIndex=1
op=ENTER,statement=NopStmt,file=33,row=33,col=33,blockIndex=1,stmtIndex=0
op=EXIT,statement=NopStmt,file=33,row=33,col=33,blockIndex=1,stmtIndex=0
op=ENTER,statement=NopStmt,file=44,row=44,col=44,blockIndex=1,stmtIndex=1
op=EXIT,statement=NopStmt,file=44,row=44,col=44,blockIndex=1,stmtIndex=1
op=EXIT,statement=BlockStmt,file=0,row=0,col=0,blockIndex=0,stmtIndex=0
op=ENTER,statement=NopStmt,file=99,row=99,col=99,blockIndex=0,stmtIndex=1
op=EXIT,statement=NopStmt,file=99,row=99,col=99,blockIndex=0,stmtIndex=1
op=ENTER,statement=NopStmt,file=55,row=55,col=55,blockIndex=1,stmtIndex=0
op=EXIT,statement=NopStmt,file=55,row=55,col=55,blockIndex=1,stmtIndex=0
op=ENTER,statement=NopStmt,file=66,row=66,col=66,blockIndex=1,stmtIndex=1
op=EXIT,statement=NopStmt,file=66,row=66,col=66,blockIndex=1,stmtIndex=1
